Commanding-General::1
General::1
Lieutenant-General::1
Major General::1
War-Department::3
War_Lieutenant-General::1
War_Brigadier-General::1
War_Officer's::4
War_Colonel::2
War_Lieutenant-Colonel::2
War_Major::2
War_Captain::2
War_First-Lieutenant::2
War_Second-Lieutenant::2
War_Member's::4
War_Command-Sergeant-Major::2
War_Sergeant-Major::2
War_First-Sergeant::2
War_Master-Sergeant::2
War_Sergeant-First-Class::2
War_Staff-Sergeant::2
War_Sergeant::2
War_Corporal::2
War_Specialist::2
War_Private-First-Class::2
War_Private::2
Treasurer::3
Tre_Brigadier-General::1
Tre_Officer's::4
Tre_Colonel::2
Tre_Lieutenant-Colonel::2
Tre_Major::2
Tre_Captain::2
Tre_First-Lieutenant::2
Tre_Second-Lieutenant::2
Tre_Member's::4
Tre_Command-Sergeant-Major::2
Tre_Sergeant-Major::2
Tre_First-Sergeant::2
Tre_Master-Sergeant::2
Tre_Sergeant-First-Class::2
Tre_Staff-Sergeant::2
Tre_Sergeant::2
Tre_Corporal::2
Tre_Specialist::2
Tre_Private-First-Class::2
Tre_Private::2
Ambassador::3
Amb_Brigadier-General::1
Amb_Officer's::4
Amb_Colonel::2
Amb_Lieutenant-Colonel::2
Amb_Major::2
Amb_Captain::2
Amb_First-Lieutenant::2
Amb_Second-Lieutenant::2
Amb_Member's::4
Amb_Command-Sergeant-Major::2
Amb_Sergeant-Major::2
Amb_First-Sergeant::2
Amb_Master-Sergeant::2
Amb_Sergeant-First-Class::2
Amb_Staff-Sergeant::2
Amb_Sergeant::2
Amb_Corporal::2
Amb_Specialist::2
Amb_Private-First-Class::2
Amb_Private::2
Promotion's::3
Pro_Brigadier-General::1
Pro_Officer's::4
Pro_Colonel::2
Pro_Lieutenant-Colonel::2
Pro_Major::2
Pro_Captain::2
Pro_First-Lieutenant::2
Pro_Second-Lieutenant::2
Pro_Member's::4
Pro_Command-Sergeant-Major::2
Pro_Sergeant-Major::2
Pro_First-Sergeant::2
Pro_Master-Sergeant::2
Pro_Sergeant-First-Class::2
Pro_Staff-Sergeant::2
Pro_Sergeant::2
Pro_Corporal::2
Pro_Specialist::2
Pro_Private-First-Class::2
Pro_Private::2
Officer's::3
Brigadier-General::1
Colonel::1
Lieutenant-Colonel::1
Major::1
Captain::1
First-Lieutenant::1
Second-Lieutenant::1
Member's::3
Command-Sergeant-Major::1
Sergeant-Major::1
First-Sergeant::1
Master-Sergeant::1
Sergeant-First-Class::1
Staff-Sergeant::1
Sergeant::1
Corporal::1
Specialist::1
Private-First-Class::1
Private::1
