http://members.fortunecity.com/dot1/EQ000125.gif::Raid%20to%20Mistmore%20(12-7-02)
http://members.fortunecity.com/dot1/EQ000126.gif::Raid%20to%20Mistmore%20(12-7-02)
http://members.fortunecity.com/dot1/EQ000127.gif::Raid%20to%20Mistmore%20(12-7-02)
http://members.fortunecity.com/dot1/EQ000128.gif::Raid%20to%20Mistmore%20(12-7-02)
http://members.fortunecity.com/dot1/EQ000129.gif::Raid%20to%20Mistmore%20(12-7-02)
http://members.fortunecity.com/dot1/EQ000130.gif::Raid%20to%20Mistmore%20(12-7-02)
http://members.fortunecity.com/dot1/EQ000131.gif::Raid%20to%20Mistmore%20(12-7-02)
http://members.fortunecity.com/dot1/EQ000132.gif::Raid%20to%20Mistmore%20(12-7-02)
http://members.fortunecity.com/dot1/EQ000133.gif::Raid%20to%20Mistmore%20(12-7-02)
http://members.fortunecity.com/dot1/EQ000134.gif::Raid%20to%20Mistmore%20(12-7-02)
http://members.fortunecity.com/dot1/EQ000135.gif::Raid%20to%20Mistmore%20(12-7-02)
http://members.fortunecity.com/dot1/EQ000137.gif::Raid%20to%20Mistmore%20(12-7-02)
http://members.fortunecity.com/dot1/EQ000139.gif::Raid%20to%20Mistmore%20(12-7-02)
http://members.fortunecity.com/dot1/EQ000141.gif::Raid%20to%20Mistmore%20(12-7-02)
http://members.fortunecity.com/dot1/EQ000142.gif::Raid%20to%20Mistmore%20(12-7-02)
http://members.fortunecity.com/dot1/EQ000144.gif::Raid%20to%20Mistmore%20(12-7-02)
http://members.fortunecity.com/dot1/EQ000147.gif::Raid%20to%20Mistmore%20(12-7-02)
