Guild-Leader::1
Assistant-Guild-Leader::1
War-Department::3
Commanding-General::1
War_General::1
War_Lieutenant-General::1
War_Major-General::1
War_Brigadier-General::1
War_Colonel::1
War_Lieutenant Colonel::1
War_Major::1
War_Captain::1
War_First-Lieutenant::1
War_Second-Lieutenant::1
War_Sergeant-Major::1
War_First-Sergeant::1
War_Master-Sergeant::1
War_Sergeant-First-Class::1
War_Staff-Sergeant::1
War_Sergeant::1
War_Corporal::1
War_Specialist::1
War_Private-First-Class::1
War_Private::1
Treasurer::3
Tre_General::1
Tre_Lieutenant-General::1
Tre_Major-General::1
Tre_Brigadier-General::1
Tre_Colonel::1
Tre_Lieutenant Colonel::1
Tre_Major::1
Tre_Captain::1
Tre_First-Lieutenant::1
Tre_Second-Lieutenant::1
Tre_Sergeant-Major::1
Tre_First-Sergeant::1
Tre_Master-Sergeant::1
Tre_Sergeant-First-Class::1
Tre_Staff-Sergeant::1
Tre_Sergeant::1
Tre_Corporal::1
Tre_Specialist::1
Tre_Private-First-Class::1
Tre_Private::1
Ambassador::3
Amb_General::1
Amb_Lieutenant-General::1
Amb_Major-General::1
Amb_Brigadier-General::1
Amb_Colonel::1
Amb_Lieutenant Colonel::1
Amb_Major::1
Amb_Captain::1
Amb_First-Lieutenant::1
Amb_Second-Lieutenant::1
Amb_Sergeant-Major::1
Amb_First-Sergeant::1
Amb_Master-Sergeant::1
Amb_Sergeant-First-Class::1
Amb_Staff-Sergeant::1
Amb_Sergeant::1
Amb_Corporal::1
Amb_Specialist::1
Amb_Private-First-Class::1
Amb_Private::1
Promotion's::3
Pro_General::1
Pro_Lieutenant-General::1
Pro_Major-General::1
Pro_Brigadier-General::1
Pro_Colonel::1
Pro_Lieutenant Colonel::1
Pro_Major::1
Pro_Captain::1
Pro_First-Lieutenant::1
Pro_Second-Lieutenant::1
Pro_Sergeant-Major::1
Pro_First-Sergeant::1
Pro_Master-Sergeant::1
Pro_Sergeant-First-Class::1
Pro_Staff-Sergeant::1
Pro_Sergeant::1
Pro_Corporal::1
Pro_Specialist::1
Pro_Private-First-Class::1
Pro_Private::1
Officer's::3
General::1
Lieutenant-General::1
Major-General::1
Brigadier-General::1
Colonel::1
Lieutenant Colonel::1
Major::1
Captain::1
First-Lieutenant::1
Second-Lieutenant::1
Member's::3
Sergeant-Major::1
First-Sergeant::1
Master-Sergeant::1
Sergeant-First-Class::1
Staff-Sergeant::1
Sergeant::1
Corporal::1
Specialist::1
Private-First-Class::1
Private::1
