http://members.fortunecity.com/dormirror4/EQ000008.gif::Klassys%20Epic%20Pice%20Raid%20on%20VS%20with%20a%20little%20help%20from%20friends.%20(6-27-03)
http://members.fortunecity.com/dormirror4/EQ000009.gif::Klassys%20Epic%20Pice%20Raid%20on%20VS%20with%20a%20little%20help%20from%20friends.%20(6-27-03)
http://members.fortunecity.com/dormirror4/EQ000010.gif::Klassys%20Epic%20Pice%20Raid%20on%20VS%20with%20a%20little%20help%20from%20friends.%20(6-27-03)
http://members.fortunecity.com/dormirror4/EQ000012.gif::Klassys%20Epic%20Pice%20Raid%20on%20VS%20with%20a%20little%20help%20from%20friends.%20(6-27-03)
http://members.fortunecity.com/dormirror4/EQ000013.gif::Klassys%20Epic%20Pice%20Raid%20on%20VS%20with%20a%20little%20help%20from%20friends.%20(6-27-03)
http://members.fortunecity.com/dormirror4/EQ000014.gif::Klassys%20Epic%20Pice%20Raid%20on%20VS%20with%20a%20little%20help%20from%20friends.%20(6-27-03)
http://members.fortunecity.com/dormirror4/EQ000015.gif::Klassys%20Epic%20Pice%20Raid%20on%20VS%20with%20a%20little%20help%20from%20friends.%20(6-27-03)
http://members.fortunecity.com/dormirror4/EQ000016.gif::Klassys%20Epic%20Pice%20Raid%20on%20VS%20with%20a%20little%20help%20from%20friends.%20(6-27-03)
http://members.fortunecity.com/dormirror4/EQ000017.gif::Klassys%20Epic%20Pice%20Raid%20on%20VS%20with%20a%20little%20help%20from%20friends.%20(6-27-03)
http://members.fortunecity.com/dormirror4/EQ000018.gif::Klassys%20Epic%20Pice%20Raid%20on%20VS%20with%20a%20little%20help%20from%20friends.%20(6-27-03)
http://members.fortunecity.com/dormirror4/EQ000019.gif::Klassys%20Epic%20Pice%20Raid%20on%20VS%20with%20a%20little%20help%20from%20friends.%20(6-27-03)
http://members.fortunecity.com/dormirror4/EQ000020.gif::Klassys%20Epic%20Pice%20Raid%20on%20VS%20with%20a%20little%20help%20from%20friends.%20(6-27-03)
http://members.fortunecity.com/dormirror4/EQ000021.gif::Klassys%20Epic%20Pice%20Raid%20on%20VS%20with%20a%20little%20help%20from%20friends.%20(6-27-03)
http://members.fortunecity.com/dormirror4/EQ000022.gif::Klassys%20Epic%20Pice%20Raid%20on%20VS%20with%20a%20little%20help%20from%20friends.%20(6-27-03)
http://members.fortunecity.com/dormirror4/EQ000023.gif::Klassys%20Epic%20Pice%20Raid%20on%20VS%20with%20a%20little%20help%20from%20friends.%20(6-27-03)
http://members.fortunecity.com/dormirror4/EQ000024.gif::Klassys%20Epic%20Pice%20Raid%20on%20VS%20with%20a%20little%20help%20from%20friends.%20(6-27-03)
http://members.fortunecity.com/dormirror4/EQ000025.gif::Klassys%20Epic%20Pice%20Raid%20on%20VS%20with%20a%20little%20help%20from%20friends.%20(6-27-03)
http://members.fortunecity.com/dormirror4/EQ000026.gif::Klassys%20Epic%20Pice%20Raid%20on%20VS%20with%20a%20little%20help%20from%20friends.%20(6-27-03)
http://members.fortunecity.com/dormirror4/EQ000027.gif::Klassys%20Epic%20Pice%20Raid%20on%20VS%20with%20a%20little%20help%20from%20friends.%20(6-27-03)

