http://members.fortunecity.com/dot5/fight.gif::Nakedman%20Tournament%20(3-16-03)
http://members.fortunecity.com/dot5/EQ000149.gif::Nakedman%20Tournament%20(3-16-03)
http://members.fortunecity.com/dot5/EQ000150.gif::Nakedman%20Tournament%20(3-16-03)
http://members.fortunecity.com/dot5/EQ000155.gif::Nakedman%20Tournament%20(3-16-03)
http://members.fortunecity.com/dot5/EQ000158.gif::Nakedman%20Tournament%20(3-16-03)
http://members.fortunecity.com/dot5/EQ000160.gif::Nakedman%20Tournament%20(3-16-03)
http://members.fortunecity.com/dot5/EQ000161.gif::Nakedman%20Tournament%20(3-16-03)
http://members.fortunecity.com/dot5/EQ000177.gif::Nakedman%20Tournament%20(3-16-03)
http://members.fortunecity.com/dot5/EQ000180.gif::Nakedman%20Tournament%20(3-16-03)
http://members.fortunecity.com/dot5/EQ000188.gif::Nakedman%20Tournament%20(3-16-03)
http://members.fortunecity.com/dot5/EQ000191.gif::Nakedman%20Tournament%20(3-16-03)
http://members.fortunecity.com/dot5/EQ000194.gif::Nakedman%20Tournament%20(3-16-03)
http://members.fortunecity.com/dot5/EQ000199.gif::Nakedman%20Tournament%20(3-16-03)
http://members.fortunecity.com/dot5/EQ000200.gif::Nakedman%20Tournament%20(3-16-03)
http://members.fortunecity.com/dot5/EQ000210.gif::Nakedman%20Tournament%20(3-16-03)
http://members.fortunecity.com/dot5/EQ000211.gif::Nakedman%20Tournament%20(3-16-03)
http://members.fortunecity.com/dot5/EQ000214.gif::Nakedman%20Tournament%20(3-16-03)
http://members.fortunecity.com/dot5/EQ000215.gif::Nakedman%20Tournament%20(3-16-03)
http://members.fortunecity.com/dot5/EQ000218.gif::Nakedman%20Tournament%20(3-16-03)
http://members.fortunecity.com/dot5/EQ000222.gif::Nakedman%20Tournament%20(3-16-03)
http://members.fortunecity.com/dot5/EQ000225.gif::Nakedman%20Tournament%20(3-16-03)
http://members.fortunecity.com/dot5/EQ000226.gif::Nakedman%20Tournament%20(3-16-03)
http://members.fortunecity.com/dot5/EQ000227.gif::Nakedman%20Tournament%20(3-16-03)
http://members.fortunecity.com/dot5/EQ000232.gif::Nakedman%20Tournament%20(3-16-03)
http://members.fortunecity.com/dot5/EQ000237.gif::Nakedman%20Tournament%20(3-16-03)
http://members.fortunecity.com/dot5/EQ000243.gif::Nakedman%20Tournament%20(3-16-03)
http://members.fortunecity.com/dot5/EQ000252.gif::Nakedman%20Tournament%20(3-16-03)
http://members.fortunecity.com/dot5/EQ000254.gif::Nakedman%20Tournament%20(3-16-03)
http://members.fortunecity.com/dot5/EQ000260.gif::Nakedman%20Tournament%20(3-16-03)
http://members.fortunecity.com/dot5/EQ000262.gif::Nakedman%20Tournament%20(3-16-03)
http://members.fortunecity.com/dot5/EQ000264.gif::Nakedman%20Tournament%20(3-16-03)
http://members.fortunecity.com/dot5/EQ000271.gif::Nakedman%20Tournament%20(3-16-03)
http://members.fortunecity.com/dot5/EQ000273.gif::Nakedman%20Tournament%20(3-16-03)
http://members.fortunecity.com/dot5/EQ000278.gif::Nakedman%20Tournament%20(3-16-03)
http://members.fortunecity.com/dot5/EQ000289.gif::Nakedman%20Tournament%20(3-16-03)
http://members.fortunecity.com/dot5/EQ000290.gif::Nakedman%20Tournament%20(3-16-03)
http://members.fortunecity.com/dot5/EQ000295.gif::Nakedman%20Tournament%20(3-16-03)
http://members.fortunecity.com/dot5/EQ000296.gif::Nakedman%20Tournament%20(3-16-03)
http://members.fortunecity.com/dot5/EQ000301.gif::Nakedman%20Tournament%20(3-16-03)
http://members.fortunecity.com/dot5/EQ000303.gif::Nakedman%20Tournament%20(3-16-03)
http://members.fortunecity.com/dot5/EQ000307.gif::Nakedman%20Tournament%20(3-16-03)
http://members.fortunecity.com/dot5/EQ000309.gif::Nakedman%20Tournament%20(3-16-03)
http://members.fortunecity.com/dot5/EQ000312.gif::Nakedman%20Tournament%20(3-16-03)
http://members.fortunecity.com/dot5/EQ000316.gif::Nakedman%20Tournament%20(3-16-03)
http://members.fortunecity.com/dot5/EQ000317.gif::Nakedman%20Tournament%20(3-16-03)
http://members.fortunecity.com/dot5/EQ000319.gif::Nakedman%20Tournament%20(3-16-03)
http://members.fortunecity.com/dot5/EQ000323.gif::Nakedman%20Tournament%20(3-16-03)
http://members.fortunecity.com/dot5/EQ000324.gif::Nakedman%20Tournament%20(3-16-03)
http://members.fortunecity.com/dot5/EQ000325.gif::Nakedman%20Tournament%20(3-16-03)
http://members.fortunecity.com/dot5/EQ000329.gif::Nakedman%20Tournament%20(3-16-03)
