http://members.fortunecity.com/dot2/EQ000188.gif::New%20Fireworks%20Effects%20-%20By%20Keny
http://members.fortunecity.com/dot2/EQ000191.gif::New%20Fireworks%20Effects%20-%20By%20Keny
http://members.fortunecity.com/dot2/EQ000192.gif::New%20Fireworks%20Effects%20-%20By%20Keny
http://members.fortunecity.com/dot2/EQ000193.gif::New%20Fireworks%20Effects%20-%20By%20Keny
http://members.fortunecity.com/dot2/EQ000194.gif::New%20Fireworks%20Effects%20-%20By%20Keny
http://members.fortunecity.com/dot2/EQ000195.gif::New%20Fireworks%20Effects%20-%20By%20Keny
http://members.fortunecity.com/dot2/EQ000196.gif::New%20Fireworks%20Effects%20-%20By%20Keny
http://members.fortunecity.com/dot2/EQ000197.gif::New%20Fireworks%20Effects%20-%20By%20Keny
http://members.fortunecity.com/dot2/EQ000198.gif::New%20Fireworks%20Effects%20-%20By%20Keny
http://members.fortunecity.com/dot2/EQ000199.gif::New%20Fireworks%20Effects%20-%20By%20Keny
http://members.fortunecity.com/dot2/EQ000200.gif::New%20Fireworks%20Effects%20-%20By%20Keny
http://members.fortunecity.com/dot2/EQ000201.gif::New%20Fireworks%20Effects%20-%20By%20Keny
http://members.fortunecity.com/dot2/EQ000202.gif::New%20Fireworks%20Effects%20-%20By%20Keny
http://members.fortunecity.com/dot2/EQ000203.gif::New%20Fireworks%20Effects%20-%20By%20Keny
http://members.fortunecity.com/dot2/EQ000204.gif::New%20Fireworks%20Effects%20-%20By%20Keny
http://members.fortunecity.com/dot2/EQ000205.gif::New%20Fireworks%20Effects%20-%20By%20Keny
http://members.fortunecity.com/dot2/EQ000207.gif::New%20Fireworks%20Effects%20-%20By%20Keny
http://members.fortunecity.com/dot2/EQ000209.gif::New%20Fireworks%20Effects%20-%20By%20Keny
http://members.fortunecity.com/dot2/EQ000210.gif::New%20Fireworks%20Effects%20-%20By%20Keny
http://members.fortunecity.com/dot2/EQ000211.gif::New%20Fireworks%20Effects%20-%20By%20Keny
http://members.fortunecity.com/dot2/EQ000212.gif::New%20Fireworks%20Effects%20-%20By%20Keny
http://members.fortunecity.com/dot2/EQ000213.gif::New%20Fireworks%20Effects%20-%20By%20Keny
http://members.fortunecity.com/dot2/EQ000214.gif::New%20Fireworks%20Effects%20-%20By%20Keny
http://members.fortunecity.com/dot2/EQ000216.gif::New%20Fireworks%20Effects%20-%20By%20Keny
http://members.fortunecity.com/dot2/EQ000217.gif::New%20Fireworks%20Effects%20-%20By%20Keny
http://members.fortunecity.com/dot2/EQ000218.gif::New%20Fireworks%20Effects%20-%20By%20Keny
http://members.fortunecity.com/dot2/EQ000219.gif::New%20Fireworks%20Effects%20-%20By%20Keny
