http://members.fortunecity.com/dot1/1EQ000064.gif::The%20Estate%20of%20Unrest%20Raid%20(11-23-02)
http://members.fortunecity.com/dot1/EQ000065.gif::The%20Estate%20of%20Unrest%20Raid%20(11-23-02)
http://members.fortunecity.com/dot1/EQ000066.gif::The%20Estate%20of%20Unrest%20Raid%20(11-23-02)
http://members.fortunecity.com/dot1/EQ000067.gif::The%20Estate%20of%20Unrest%20Raid%20(11-23-02)
http://members.fortunecity.com/dot1/EQ000068.gif::The%20Estate%20of%20Unrest%20Raid%20(11-23-02)
http://members.fortunecity.com/dot1/EQ000069.gif::The%20Estate%20of%20Unrest%20Raid%20(11-23-02)
http://members.fortunecity.com/dot1/EQ000070.gif::The%20Estate%20of%20Unrest%20Raid%20(11-23-02)
http://members.fortunecity.com/dot1/EQ000071.gif::The%20Estate%20of%20Unrest%20Raid%20(11-23-02)
http://members.fortunecity.com/dot1/EQ000072.gif::The%20Estate%20of%20Unrest%20Raid%20(11-23-02)
http://members.fortunecity.com/dot1/EQ000073.gif::The%20Estate%20of%20Unrest%20Raid%20(11-23-02)
http://members.fortunecity.com/dot1/EQ000074.gif::The%20Estate%20of%20Unrest%20Raid%20(11-23-02)
http://members.fortunecity.com/dot1/EQ000075.gif::The%20Estate%20of%20Unrest%20Raid%20(11-23-02)
http://members.fortunecity.com/dot1/EQ000076.gif::The%20Estate%20of%20Unrest%20Raid%20(11-23-02)
http://members.fortunecity.com/dot1/EQ000078.gif::The%20Estate%20of%20Unrest%20Raid%20(11-23-02)
http://members.fortunecity.com/dot1/EQ000079.gif::The%20Estate%20of%20Unrest%20Raid%20(11-23-02)
http://members.fortunecity.com/dot1/EQ000080.gif::The%20Estate%20of%20Unrest%20Raid%20(11-23-02)
http://members.fortunecity.com/dot1/EQ000081.gif::The%20Estate%20of%20Unrest%20Raid%20(11-23-02)
http://members.fortunecity.com/dot1/EQ000082.gif::The%20Estate%20of%20Unrest%20Raid%20(11-23-02)
http://www.geocities.com/frwlkr33/sebkey.html?1047713624130/EQ000004.jpeg::
http://www.geocities.com/frwlkr33/sebkey.html?1047713624130/EQ000004.jpeg::
http://www.geocities.com/frwlkr33/EQ000004.jpg::hunting%20for%20those%20hunter%20and%20foragers
