16::Anaconda Fang Knife::primsec::::Piercing::25::11::::0.3::::3::::::::::::::::::::::::::ROG::ALL::::true::lore::
23::Ye Auld Ball Peen Hammer::primsec::magic::1H Blunt::27::4::1::4.5::2::::::::::::::::::::::::::::WAR CLR PAL RNG SHD DRU MNK BRD ROG SHM BST::ALL::4::true::lore::
22::Bronze Wakizashi::primsec::::1H Slashing::27::4::::6.0::::::::::::::::::::::::::::::WAR PAL RNG SHD BRD ROG::ALL::::true::::
20::Bamboo Wakizashi Bo::primsec::::1H Blunt::38::6::::9.0::::::::::::::::::::::::::::::WAR CLR PAL RNG SHD DRU MNK BRD ROG SHM BST::ALL::::true::::
3::Dagger of Dropping::primsec::magic::Piercing::22::4::::1.5::::::::::::::::::::::::::Weaken::::ROG NEC WIZ MAG ENC BST::BAR ELF HIE DEF DWF TRL OGR HFL GNM IKS VAH FRG::::true::::
16::Walrus Tooth::primsec::magic::Piercing::22::6::::4.0::3::6::::::::::::::::::::::::::WAR SHD ROG NEC WIZ MAG END BST::ALL::::true::lore::
17::Heavy Iron Ulak::primsec::magic::Hand to Hand::38::8::1::1.3::1::::::::1::::::::::::::::(MANA 15)::::MNK BST::HUM TRL OGR IKS VAH::15::true::::
17::Polished Steel Ulak::primsec::magic::Hand to Hand::27::9::3::1.1::3::::::::3::::::::::::::::(MANA 25)::::MNK BST::HUM BAR TRL OGR IKS VAH::25::true::::
49::Sarnak Ceremonial Dagger::primsec::magic::Pircing::38::6::::1.2::::::::::3::3::::::::::::::::::BRD ROG NEC WIZ MAG ENC BST::ALL::::true::lore::
43::Velium Warhammer::primsec::magic::1H Blunt::30::6::::6.8::::::::::::::::::::::::::Velium Shards::::WAR CLR PAL RNG SHD DRU MNK BRD ROG SHM BST::ALL::::true::::
