26::Axe of the Frost::prim::magic::@H Slashing::48::20::::13.0::::::::::::::::::::::::::Shock of Frost (Combat)::::WAR PAL RNG SHD::ALL::::true::lore::
20::Runed Bokken::prim::magic::2H Blunt::37::9::::12.0::::::::::::::::3::3::3::3::3::::::CLR DRU SHM NEC WIZ MAG ENC BST::ALL::::true::lore::
20::Bamboo Bokken::prim::::2H Blunt::45::8::::14.0::::::::::::::::::::::::::::::WAR CLR PAL RNG SHD DRU MNK SHM BST::ALL::::true::::
28::Blood Crusted Two-Handed Sword::prim::::2H Slashing::47::10::::13.0::::::::::::::::::::::::::::::WAR PAL RNG SHD::ALL::::true::::
1::Bronze Naginata::prim::::2H Slashing::52::10::::15.0::::::::::::::::::::::::::::::WAR PAL RNG SHD::ALL::::true::::
10::Ceremonial Wedding Sword::prim::magic::::::::::5.0::5::3::3::3::::::::::6::::::::::::WAR PAL RNG SHD BRD ROG::ALL::::true::lore::
28::Aged Filthy Bastard Sword::prim::::2H Slashing::40::13::::9.5::::::::::::::::::::::::::::::WAR PAL RNG SHD::ALL::::true::::
6::Bear Fanged Glove::prim::magic::Hand to Hand::19::7::::0.7::3::::::::::::::::::::::::::::MNK BST::ALL::15::true::lore::
40::Shissar Claidmore::prim::magic::2H Slashing::44::22::::5.7::5::5::::::::::::::::::::::::::WAR PAL RNG SHD::ALL::::true::::
